---
source: crates/move-compiler/tests/move_check_testrtdte.rs
info:
  flavor: rtd
  edition: legacy
  lint: false
---
error[Rtd E01001]: invalid object construction
   ┌─ tests/rtd_mode/id_leak/transmute.move:17:19
   │
17 │         let dog = Dog { id };
   │                   ^^^^^^^^^^
   │                   │     │
   │                   │     The UID must come directly from `rtd::object::new`, or `rtd::derived_object::claim`. For tests, it can come from `rtd::test_scenario::new_object`
   │                   Invalid object creation without a newly created UID.
