---
source: external-crates/move/crates/move-transactional-test-runner/src/framework.rs
---
processed 8 tasks

// Benchmark the send_funds command with a RTD withdrawal from A's address balance
// sent to B, with gas also paid from A's address balance.

init:
A: object(0,0), B: object(0,1), C: object(0,2), D: object(0,3), E: object(0,4)

task 1, lines 9-13:
// Seed A's address balance so it can both fund the withdrawal and pay for gas.
//# programmable --sender A --inputs 20000000000 @A
//> 0: SplitCoins(Gas, [Input(0)]);
//> 1: rtd::coin::into_balance<rtd::rtd::RTD>(Result(0));
//> 2: rtd::balance::send_funds<rtd::rtd::RTD>(Result(1), Input(1));
mutated: object(0,0)
accumulators_written: (object(1,0), A, rtd::balance::Balance<rtd::rtd::RTD>, Merge, 20000000000)
gas summary: computation_cost: 1000000, storage_cost: 988000,  storage_rebate: 0, non_refundable_storage_fee: 0

task 2, line 15:
//# create-checkpoint
Checkpoint created: 1

task 3, lines 17-21:
// Benchmark: withdraw 100 from A's address balance and send_funds to B,
// with gas paid from the address balance.
//# bench ptb --sender A --address-balance-gas --inputs withdraw<rtd::balance::Balance<rtd::rtd::RTD>>(100) @B
//> 0: rtd::balance::redeem_funds<rtd::rtd::RTD>(Input(0));
//> 1: rtd::balance::send_funds<rtd::rtd::RTD>(Result(0), Input(1));
accumulators_written: (object(1,0), A, rtd::balance::Balance<rtd::rtd::RTD>, Split, 1000100), (object(3,0), B, rtd::balance::Balance<rtd::rtd::RTD>, Merge, 100)
gas summary: computation_cost: 1000000, storage_cost: 0,  storage_rebate: 0, non_refundable_storage_fee: 0

task 4, lines 23-33:
// Benchmark: withdraw 400 from A's address balance and send it to B, C, D, and E
// with gas paid from the address balance.
//# bench ptb --sender A --address-balance-gas --inputs withdraw<rtd::balance::Balance<rtd::rtd::RTD>>(100) withdraw<rtd::balance::Balance<rtd::rtd::RTD>>(100) withdraw<rtd::balance::Balance<rtd::rtd::RTD>>(100) withdraw<rtd::balance::Balance<rtd::rtd::RTD>>(100) @B @C @D @E
//> 0: rtd::balance::redeem_funds<rtd::rtd::RTD>(Input(0));
//> 1: rtd::balance::redeem_funds<rtd::rtd::RTD>(Input(1));
//> 2: rtd::balance::redeem_funds<rtd::rtd::RTD>(Input(2));
//> 3: rtd::balance::redeem_funds<rtd::rtd::RTD>(Input(3));
//> 4: rtd::balance::send_funds<rtd::rtd::RTD>(Result(0), Input(4));
//> 5: rtd::balance::send_funds<rtd::rtd::RTD>(Result(1), Input(5));
//> 6: rtd::balance::send_funds<rtd::rtd::RTD>(Result(2), Input(6));
//> 7: rtd::balance::send_funds<rtd::rtd::RTD>(Result(3), Input(7));
accumulators_written: (object(1,0), A, rtd::balance::Balance<rtd::rtd::RTD>, Split, 1000400), (object(3,0), B, rtd::balance::Balance<rtd::rtd::RTD>, Merge, 100), (object(4,0), C, rtd::balance::Balance<rtd::rtd::RTD>, Merge, 100), (object(4,1), D, rtd::balance::Balance<rtd::rtd::RTD>, Merge, 100), (object(4,2), E, rtd::balance::Balance<rtd::rtd::RTD>, Merge, 100)
gas summary: computation_cost: 1000000, storage_cost: 0,  storage_rebate: 0, non_refundable_storage_fee: 0

task 5, line 35:
//# create-checkpoint
Checkpoint created: 2

task 6, line 37:
//# view-funds rtd::balance::Balance<rtd::rtd::RTD> A
19997999500

task 7, line 39:
//# view-funds rtd::balance::Balance<rtd::rtd::RTD> B
200
