---
source: external-crates/move/crates/move-transactional-test-runner/src/framework.rs
---
processed 10 tasks

// Allowance spends under dev-inspect, the one path that skips
// `check_allowance_inputs`: a valid spend simulates cleanly without
// settling, and a mis-declared funder gets past input validation only to hit
// `consume`'s own funder check.

init:
A: object(0,0), B: object(0,1)

task 1, lines 11-14:
//# programmable --sender A --inputs 5000 @A
// Fund A's (the funder) address balance.
//> 0: SplitCoins(Gas, [Input(0)]);
//> 1: rtd::coin::send_funds<rtd::rtd::RTD>(Result(0), Input(1));
mutated: object(0,0)
accumulators_written: (object(1,0), A, rtd::balance::Balance<rtd::rtd::RTD>, Merge, 5000)
gas summary: computation_cost: 1000000, storage_cost: 988000,  storage_rebate: 0, non_refundable_storage_fee: 0

task 2, lines 16-19:
//# programmable --sender B --inputs 1000 @B
// Fund B, so the mis-declared funder below has funds to reserve against.
//> 0: SplitCoins(Gas, [Input(0)]);
//> 1: rtd::coin::send_funds<rtd::rtd::RTD>(Result(0), Input(1));
mutated: object(0,1)
accumulators_written: (object(2,0), B, rtd::balance::Balance<rtd::rtd::RTD>, Merge, 1000)
gas summary: computation_cost: 1000000, storage_cost: 988000,  storage_rebate: 0, non_refundable_storage_fee: 0

task 3, line 21:
//# create-checkpoint
Checkpoint created: 1

task 4, lines 23-26:
//# programmable --sender A --inputs b"inspect" @B vector[1000u256] vector[] vector[99999999999999]
// A issues an allowance to B: 1000 lifetime cap.
//> 0: std::option::none<rtd::allowance::RateLimit>();
//> 1: rtd::allowance::new<rtd::balance::Balance<rtd::rtd::RTD>>(Input(0), Input(1), Input(2), Input(3), Input(4), Result(0));
created: object(4,0), object(4,1)
mutated: object(0,0)
gas summary: computation_cost: 1000000, storage_cost: 6452400,  storage_rebate: 978120, non_refundable_storage_fee: 9880

task 5, lines 28-31:
//# programmable --sender B --dev-inspect --inputs allowance_withdraw<rtd::balance::Balance<rtd::rtd::RTD>>(400,@A,object(4,0)) mutshared(4,0) immshared(6) @B
// A valid spend under dev-inspect.
//> 0: rtd::allowance::balance_spend<rtd::rtd::RTD>(Input(1), Input(0), Input(2));
//> 1: rtd::balance::send_funds<rtd::rtd::RTD>(Result(0), Input(3));
mutated: object(_), object(4,0)
accumulators_written: (object(1,0), A, rtd::balance::Balance<rtd::rtd::RTD>, Split, 400), (object(2,0), B, rtd::balance::Balance<rtd::rtd::RTD>, Merge, 400)
gas summary: computation_cost: 500000, storage_cost: 4157200,  storage_rebate: 3137508, non_refundable_storage_fee: 31692

task 6, lines 33-37:
//# programmable --sender B --dev-inspect --inputs allowance_withdraw<rtd::balance::Balance<rtd::rtd::RTD>>(400,@B,object(4,0)) mutshared(4,0) immshared(6) @B
// B declares themselves as the funder of A's allowance: dev-inspect skips the
// sign-time funder check, and `consume` aborts on it instead.
//> 0: rtd::allowance::balance_spend<rtd::rtd::RTD>(Input(1), Input(0), Input(2));
//> 1: rtd::balance::send_funds<rtd::rtd::RTD>(Result(0), Input(3));
Error: Transaction Effects Status: MoveAbort(MoveLocation { module: ModuleId { address: rtd, name: Identifier("allowance") }, function: 32, instruction: 64, function_name: Some("consume") }, 13837874527332466709) in command 0
Execution Error: MoveAbort(MoveLocation { module: ModuleId { address: rtd, name: Identifier("allowance") }, function: 32, instruction: 64, function_name: Some("consume") }, 13837874527332466709) in command 0

task 7, line 39:
//# create-checkpoint
Checkpoint created: 2

task 8, lines 41-42:
//# view-object 1,0
Owner: Object ID: ( 0x0000000000000000000000000000000000000000000000000000000000000acc )
Version: 2
Contents: rtd::dynamic_field::Field<rtd::accumulator::Key<rtd::balance::Balance<rtd::rtd::RTD>>, rtd::accumulator::U128> {
    id: rtd::object::UID {
        id: rtd::object::ID {
            bytes: fake(1,0),
        },
    },
    name: rtd::accumulator::Key<rtd::balance::Balance<rtd::rtd::RTD>> {
        address: A,
    },
    value: rtd::accumulator::U128 {
        value: 5000u128,
    },
}

task 9, lines 44-45:
//# view-object 4,0
Owner: Shared( 3 )
Version: 3
Contents: rtd::allowance::Allowance<rtd::balance::Balance<rtd::rtd::RTD>> {
    id: rtd::object::UID {
        id: rtd::object::ID {
            bytes: fake(4,0),
        },
    },
    settings: rtd::allowance::Settings {
        funder: A,
        spender: std::option::Option<address> {
            vec: vector[
                B,
            ],
        },
        app: std::option::Option<std::type_name::TypeName> {
            vec: vector[],
        },
        lifetime_cap: std::option::Option<u256> {
            vec: vector[
                1000u256,
            ],
        },
        start_timestamp_ms: std::option::Option<u64> {
            vec: vector[],
        },
        expiration_timestamp_ms: std::option::Option<u64> {
            vec: vector[
                99999999999999u64,
            ],
        },
        rate_limit: std::option::Option<rtd::allowance::RateLimit> {
            vec: vector[],
        },
        name: std::string::String {
            bytes: vector[
                105u8,
                110u8,
                115u8,
                112u8,
                101u8,
                99u8,
                116u8,
            ],
        },
    },
    current_spend: 0u256,
}
