---
source: crates/rtd/tests/shell_tests.rs
---
----- script -----
# Copyright (c) LinkU Labs, Inc.
# SPDX-License-Identifier: Apache-2.0

chain_id=$(rtd client --client.config $CONFIG chain-identifier)
echo "[environments]" >> test_pkg/Move.toml
echo "localnet = \"$chain_id\"" >> test_pkg/Move.toml

rtd client --client.config $CONFIG publish test_pkg --dry-run --json > output.json
jq -e . output.json >/dev/null

----- results -----
success: true
exit_code: 0
----- stdout -----

----- stderr -----
BUILDING test_pkg
