---
source: crates/rtd/tests/shell_tests.rs
---
----- script -----
# Copyright (c) LinkU Labs, Inc.
# SPDX-License-Identifier: Apache-2.0

# tests that building a legacy package that has explicit deps works fine
rtd move --client.config $CONFIG build -p legacy_can_use_legacy

----- results -----
success: true
exit_code: 0
----- stdout -----

----- stderr -----
[NOTE] Dependencies on Rtd, MoveStdlib, Bridge, DeepBook, and RtdSystem are automatically added, but this feature is disabled for your package because you have explicitly included dependencies on Rtd. Consider removing these dependencies from `Move.toml`.
INCLUDING DEPENDENCY MoveStdlib
INCLUDING DEPENDENCY Rtd
BUILDING legacy_can_use_legacy
