---
source: crates/move-compiler/tests/move_check_testrtdte.rs
info:
  flavor: rtd
  edition: legacy
  lint: false
---
error[Rtd E02002]: invalid 'entry' function signature
  ┌─ tests/rtd_mode/entry_points/clock_val.move:4:35
  │
4 │     public entry fun no_clock_val(_: rtd::clock::Clock) {
  │            -----                  ^  ----------------- rtd::clock::Clock must be passed by immutable reference, e.g. '&rtd::clock::Clock'
  │            │                      │   
  │            │                      Invalid 'entry' parameter type for parameter '_'
  │            'no_clock_val' was declared 'entry' here
